// Jest Snapshot v1, https://goo.gl/fbAQLP

exports[`App render correctly 1`] = `
<DocumentFragment>
  <div
    class="sc-fubCfw Wzshu"
    mode="pink"
  >
    <header>
      <nav>
        <li>
          <a
            class="sc-gsTCUz flwUht"
            href="/"
            mode="pink"
            themes="[object Object]"
          >
            Landing
          </a>
        </li>
        <li>
          <a
            class="sc-gsTCUz flwUht"
            href="/signin"
            mode="pink"
            themes="[object Object]"
          >
            Sign In
          </a>
        </li>
      </nav>
      <div
        class="selectWrapper"
      >
        <div
          class="sc-hKgILt javMHI"
          mode="pink"
          name="theme"
        >
          <input
            class="selectInput"
            data-testid="selectInput"
            placeholder="theme"
            type="text"
            value="pink"
          />
          <ul
            class="close"
          >
            <li
              class="selectInput-li"
              data-id="dark"
              data-testid="dark"
            >
              dark
            </li>
            <li
              class="selectInput-li"
              data-id="pink"
              data-testid="pink"
            >
              pink
            </li>
            <li
              class="selectInput-li"
              data-id="light"
              data-testid="light"
            >
              light
            </li>
          </ul>
        </div>
      </div>
    </header>
    <main>
      <section
        class="add-post-form"
      >
        <form
          class="sc-eCssSg eTymvH"
        >
          <div
            class="field"
          >
            <label
              for="title"
            >
              Title
            </label>
            <input
              data-testid="title"
              id="title"
              name="title"
              value=""
            />
          </div>
          <div
            class="field"
          >
            <label
              for="content"
            >
              Content
            </label>
            <textarea
              data-testid="content"
              id="content"
              name="content"
            />
          </div>
          <div
            class="field"
          >
            <label
              for="users"
            >
              Author
            </label>
            <div>
              <div
                class="sc-hKgILt javMHI"
                data-testid="users"
                id="users"
                mode="pink"
              >
                <input
                  class="selectInput"
                  data-testid="selectInput"
                  placeholder="choose the user"
                  type="text"
                  value=""
                />
                <ul
                  class="close"
                />
              </div>
            </div>
          </div>
          <div
            class="field"
          >
            <button
              class="sc-dlfnbm eTNEQD"
              disabled=""
              mode="pink"
              type="button"
            >
              Add Post
            </button>
            <span />
          </div>
        </form>
      </section>
      <section
        class="posts-list"
      >
        <h2>
          Posts
        </h2>
        <div>
          loading...
        </div>
      </section>
    </main>
    <footer>
      copyright@2020 author ZUOQIN HU
    </footer>
  </div>
</DocumentFragment>
`;
