// Jest Snapshot v1, https://goo.gl/fbAQLP

exports[`NavBarAuth renders correctly 1`] = `
<DocumentFragment>
  <nav>
    <li>
      <a
        class="sc-gsTCUz flwUht"
        href="/"
        mode="pink"
        themes="[object Object]"
      >
        Landing
      </a>
    </li>
    <li>
      <a
        class="sc-gsTCUz flwUht"
        href="/home"
        mode="pink"
        themes="[object Object]"
      >
        Home
      </a>
    </li>
    <li>
      <a
        class="sc-gsTCUz flwUht"
        href="/account"
        mode="pink"
        themes="[object Object]"
      >
        Account
      </a>
    </li>
    <li>
      <a
        class="sc-gsTCUz flwUht"
        href="/admin"
        mode="pink"
        themes="[object Object]"
      >
        Admin
      </a>
    </li>
    <li>
      <a
        class="sc-gsTCUz flwUht"
        href="/notifications"
        mode="pink"
        themes="[object Object]"
      >
        Notifications
      </a>
    </li>
    <li>
      <button
        class="sc-bdfBwQ bftKdb"
        data-testid="signout"
        mode="pink"
        type="button"
      >
        Sign Out
      </button>
    </li>
  </nav>
</DocumentFragment>
`;
